I'm sorry, but errors were detected in your script. Please correct the
errors listed below, and try again.


File "game/script.rpy", line 286: for expects a non-empty block.
    if entry.get("speaker"):
                            ^

Ren'Py Version: Ren'Py 8.5.3.26051504
Mon May 18 23:06:10 2026
